../Core/Src/main.c:121:5:main	8	static
../Core/Src/main.c:200:6:SystemClock_Config	88	static
../Core/Src/main.c:247:13:MX_I2C1_Init	8	static
../Core/Src/main.c:295:13:MX_LPUART1_UART_Init	8	static
../Core/Src/main.c:342:13:MX_USART1_UART_Init	8	static
../Core/Src/main.c:388:13:MX_DMA_Init	16	static
../Core/Src/main.c:422:13:MX_GPIO_Init	48	static
../Core/Src/main.c:503:6:ButtonMatrixRead	16	static
../Core/Src/main.c:523:6:RandomNumber	8	static
../Core/Src/main.c:527:6:CheckNumber	4	static
../Core/Src/main.c:596:6:CheckGuess	8	static
../Core/Src/main.c:709:6:UARTDMAConfig	8	static
../Core/Src/main.c:714:6:EEPROMWriteExample	16	static
../Core/Src/main.c:722:6:EEPROMReadExample	24	static
../Core/Src/main.c:735:6:Error_Handler	4	static,ignoring_inline_asm
