../Core/Src/main.c:108:5:main	8	static
../Core/Src/main.c:178:6:SystemClock_Config	88	static
../Core/Src/main.c:225:13:MX_LPUART1_UART_Init	8	static
../Core/Src/main.c:272:13:MX_USART1_UART_Init	8	static
../Core/Src/main.c:318:13:MX_DMA_Init	16	static
../Core/Src/main.c:340:13:MX_GPIO_Init	48	static
../Core/Src/main.c:421:6:ButtonMatrixRead	16	static
../Core/Src/main.c:441:6:CheckNumber	4	static
../Core/Src/main.c:510:6:CheckGuess	8	static
../Core/Src/main.c:621:6:UARTDMAConfig	8	static
../Core/Src/main.c:657:6:Error_Handler	4	static,ignoring_inline_asm
